 gcc -g p2final.c
 gdb a.out
GNU gdb (Ubuntu 8.1.1-0ubuntu1) 8.1.1
Copyright (C) 2018 Free Software Foundation, Inc.
License GPLv3+: GNU GPL version 3 or later <http://gnu.org/licenses/gpl.html>
This is free software: you are free to change and redistribute it.
There is NO WARRANTY, to the extent permitted by law.  Type "show copying"
and "show warranty" for details.
This GDB was configured as "x86_64-linux-gnu".
Type "show configuration" for configuration details.
For bug reporting instructions, please see:
<http://www.gnu.org/software/gdb/bugs/>.
Find the GDB manual and other documentation resources online at:
<http://www.gnu.org/software/gdb/documentation/>.
For help, type "help".
Type "apropos word" to search for commands related to "word"...
Reading symbols from a.out...done.
(gdb) b main
Breakpoint 1 at 0x7e0: file p2final.c, line 35.
(gdb) r
Starting program: /home/runner/IA2-Test1-Session2/a.out 
warning: Error disabling address space randomization: Operation not permitted

Breakpoint 1, main () at p2final.c:35
35    a = input_side();
(gdb) s
input_side () at p2final.c:4
4   {
(gdb) n
6     printf("Enter a side of the triangle\n");
(gdb) n
Enter a side of the triangle
7     scanf("%d",&side);
(gdb) n
3
8     return side;
(gdb) n
9   }
(gdb) n
main () at p2final.c:36
36    b = input_side();
(gdb) s
input_side () at p2final.c:4
4   {
(gdb) n
6     printf("Enter a side of the triangle\n");
(gdb) n
Enter a side of the triangle
7     scanf("%d",&side);
(gdb) n
9
8     return side;
(gdb) n
9   }
(gdb) n
main () at p2final.c:37
37    c = input_side();
(gdb) s
input_side () at p2final.c:4
4   {
(gdb) n
6     printf("Enter a side of the triangle\n");
(gdb) n
Enter a side of the triangle
7     scanf("%d",&side);
(gdb) n
5
8     return side;
(gdb) n
9   }
(gdb) n
main () at p2final.c:38
38    res = check_scalene(a, b, c);
(gdb) s
check_scalene (a=3, b=9, c=5) at p2final.c:13
13    if(a !=b && b != c && a !=c)
(gdb) n
15      return 1;
(gdb) n
18  }
(gdb) n
main () at p2final.c:39
39    output(a, b, c, res);
(gdb) s
output (a=3, b=9, c=5, isscalene=1) at p2final.c:22
22    if(isscalene)
(gdb) n
24      printf("Triangle is scalene\n");
(gdb) n
Triangle is scalene
30  }
(gdb) n
main () at p2final.c:40
40    return 0;
(gdb) n
41  }(gdb) q
A debugging session is active.

    Inferior 1 [process 81] will be killed.

Quit anyway? (y or n) y
 