 gcc -g p6final.c
 ./a.out
Enter the string
hello
The reverse of hello is olle�
 gdb a.out
GNU gdb (Ubuntu 8.1.1-0ubuntu1) 8.1.1
Copyright (C) 2018 Free Software Foundation, Inc.
License GPLv3+: GNU GPL version 3 or later <http://gnu.org/licenses/gpl.html>
This is free software: you are free to change and redistribute it.
There is NO WARRANTY, to the extent permitted by law.  Type "show copying"
and "show warranty" for details.
This GDB was configured as "x86_64-linux-gnu".
Type "show configuration" for configuration details.
For bug reporting instructions, please see:
<http://www.gnu.org/software/gdb/bugs/>.
Find the GDB manual and other documentation resources online at:
<http://www.gnu.org/software/gdb/documentation/>.
For help, type "help".
Type "apropos word" to search for commands related to "word"...
Reading symbols from a.out...done.
(gdb) b main
Breakpoint 1 at 0x875: file p6final.c, line 25.
(gdb) r
Starting program: /home/runner/IA2-Test1-Session2-3/a.out 
warning: Error disabling address space randomization: Operation not permitted

Breakpoint 1, main () at p6final.c:25
25  {
(gdb) n
27    input_string(a);
(gdb) s
input_string (a=0x7ffc51e46814 "<V") at p6final.c:6
6     printf("Enter the string\n");
(gdb) n
Enter the string
7     scanf("%s",a);
(gdb) n
hello
8   }
(gdb) n
main () at p6final.c:28
28    str_reverse(a,re);
(gdb) s
str_reverse (a=0x7ffc51e46814 "hello", re=0x7ffc51e4681e "")
    at p6final.c:12
12    int n = strlen(a);
(gdb) n
13    for(int i=0, j=n-1;j>0;i++,j--)
(gdb) n
15        re[i]=a[j];
(gdb) n
13    for(int i=0, j=n-1;j>0;i++,j--)
(gdb) n
15        re[i]=a[j];
(gdb) n
13    for(int i=0, j=n-1;j>0;i++,j--)
(gdb) n
15        re[i]=a[j];
(gdb) n
13    for(int i=0, j=n-1;j>0;i++,j--)
(gdb) n
15        re[i]=a[j];
(gdb) n
13    for(int i=0, j=n-1;j>0;i++,j--)
(gdb) n
17  }
(gdb) n
main () at p6final.c:29
29    output(a,re);
(gdb) s
output (a=0x7ffc51e46814 "hello", 
    re=0x7ffc51e4681e "olle\344Q\374\177") at p6final.c:21
21    printf("The reverse of %s is %s\n",a,re);
(gdb) n
The reverse of hello is olle�Q�
22  }
(gdb) n
main () at p6final.c:30
30    return 0;
(gdb) n
31  }(gdb) q
A debugging session is active.

    Inferior 1 [process 47] will be killed.

Quit anyway? (y or n) y
 ^C
 