 gcc -g p7final.c
 ./a.out
Enter the base and altitude
2 3
The area of thr triangle with base:2.000000 and altitude:3.000000 is 3.000000
 gdb a.out
GNU gdb (Ubuntu 8.1.1-0ubuntu1) 8.1.1
Copyright (C) 2018 Free Software Foundation, Inc.
License GPLv3+: GNU GPL version 3 or later <http://gnu.org/licenses/gpl.html>
This is free software: you are free to change and redistribute it.
There is NO WARRANTY, to the extent permitted by law.  Type "show copying"
and "show warranty" for details.
This GDB was configured as "x86_64-linux-gnu".
Type "show configuration" for configuration details.
For bug reporting instructions, please see:
<http://www.gnu.org/software/gdb/bugs/>.
Find the GDB manual and other documentation resources online at:
<http://www.gnu.org/software/gdb/documentation/>.
For help, type "help".
Type "apropos word" to search for commands related to "word"...
Reading symbols from a.out...done.
(gdb) b main
Breakpoint 1 at 0x86b: file p7final.c, line 28.
(gdb) r
Starting program: /home/runner/IA2-Test1-Session2-3/a.out 
warning: Error disabling address space randomization: Operation not permitted

Breakpoint 1, main () at p7final.c:28
28  {
(gdb) n
30    t = input_triangle();
(gdb) s
input_triangle () at p7final.c:10
10  {
(gdb) n
12    printf("Enter the base and altitude\n");
(gdb) n
Enter the base and altitude
13    scanf("%f%f",&t.base,&t.altitude);
(gdb) n
2 3
14    return t;
(gdb) n
15  }
(gdb) n
main () at p7final.c:31
31    find_area(&t);
(gdb) s
find_area (t=0x7fff4f0a34fc) at p7final.c:19
19    t->area = 0.5 * (t->base*t->altitude);
(gdb) n
20  }
(gdb) n
main () at p7final.c:32
32    output(t);
(gdb) s
output (t=...) at p7final.c:24
24    printf("The area of thr triangle with base:%f and altitude:%f is %f\n",t.base,t.altitude,t.area);
(gdb) n
The area of thr triangle with base:2.000000 and altitude:3.000000 is 3.000000
25  }
(gdb) n
main () at p7final.c:33
33    return 0;
(gdb) n
34  }(gdb) q
A debugging session is active.

    Inferior 1 [process 179] will be killed.

Quit anyway? (y or n) y
 